// Jest Snapshot v1, https://goo.gl/fbAQLP

exports[`testing en <GifItem.jsx /> debe ser match con el snapshot 1`] = `
<div>
  <div
    class="card"
  >
    <img
      alt="Dragon Ball"
      src="https://localhost/dragon.jpg"
    />
    <p>
      Dragon Ball
    </p>
  </div>
</div>
`;
